Stream 65535:
  Accepted: 0 messages
  System Event: 0 messages
  Replaced: 0 messages
  Canceled: 0 messages
  Executed: 1 messages, 16 shares
Totals:
  Accepted: 0 messages
  System Event: 0 messages
  Replaced: 0 messages
  Canceled: 0 messages
  Executed: 1 messages, 16 shares
Num packets decoded: 2
Num empty packets: 0
