Stream 65535:
  Accepted: 0 messages
  System Event: 1 messages
  Replaced: 0 messages
  Canceled: 0 messages
  Executed: 0 messages, 0 shares
Totals:
  Accepted: 0 messages
  System Event: 1 messages
  Replaced: 0 messages
  Canceled: 0 messages
  Executed: 0 messages, 0 shares
Packets parsed: 3
Empty packets: 0
